// Jest Snapshot v1, https://goo.gl/fbAQLP

exports[`gux-pagination-cursor #render should render as expected (1) 1`] = `"<gux-pagination-cursor lang=\\"en\\" class=\\"hydrated\\"></gux-pagination-cursor>"`;

exports[`gux-pagination-cursor #render should render as expected (2) 1`] = `"<gux-pagination-cursor lang=\\"en\\" has-next=\\"\\" class=\\"hydrated\\"></gux-pagination-cursor>"`;

exports[`gux-pagination-cursor #render should render as expected (3) 1`] = `"<gux-pagination-cursor lang=\\"en\\" has-previous=\\"\\" has-next=\\"\\" class=\\"hydrated\\"></gux-pagination-cursor>"`;

exports[`gux-pagination-cursor #render should render as expected (4) 1`] = `"<gux-pagination-cursor lang=\\"en\\" has-previous=\\"\\" class=\\"hydrated\\"></gux-pagination-cursor>"`;
