// Jest Snapshot v1, https://goo.gl/fbAQLP

exports[`gux-pagination-cursor #render should render as expected (1) 1`] = `
<gux-pagination-cursor>
  <mock:shadow-root>
    <gux-button-slot-beta accent="secondary">
      <button disabled="" title="Previous" type="button">
        <gux-icon decorative="" iconname="ic-chevron-small-left"></gux-icon>
      </button>
    </gux-button-slot-beta>
    <gux-button-slot-beta accent="secondary">
      <button disabled="" title="Next" type="button">
        <gux-icon decorative="" iconname="ic-chevron-small-right"></gux-icon>
      </button>
    </gux-button-slot-beta>
  </mock:shadow-root>
</gux-pagination-cursor>
`;

exports[`gux-pagination-cursor #render should render as expected (2) 1`] = `
<gux-pagination-cursor has-next="">
  <mock:shadow-root>
    <gux-button-slot-beta accent="secondary">
      <button disabled="" title="Previous" type="button">
        <gux-icon decorative="" iconname="ic-chevron-small-left"></gux-icon>
      </button>
    </gux-button-slot-beta>
    <gux-button-slot-beta accent="secondary">
      <button title="Next" type="button">
        <gux-icon decorative="" iconname="ic-chevron-small-right"></gux-icon>
      </button>
    </gux-button-slot-beta>
  </mock:shadow-root>
</gux-pagination-cursor>
`;

exports[`gux-pagination-cursor #render should render as expected (3) 1`] = `
<gux-pagination-cursor has-next="" has-previous="">
  <mock:shadow-root>
    <gux-button-slot-beta accent="secondary">
      <button title="Previous" type="button">
        <gux-icon decorative="" iconname="ic-chevron-small-left"></gux-icon>
      </button>
    </gux-button-slot-beta>
    <gux-button-slot-beta accent="secondary">
      <button title="Next" type="button">
        <gux-icon decorative="" iconname="ic-chevron-small-right"></gux-icon>
      </button>
    </gux-button-slot-beta>
  </mock:shadow-root>
</gux-pagination-cursor>
`;

exports[`gux-pagination-cursor #render should render as expected (4) 1`] = `
<gux-pagination-cursor has-previous="">
  <mock:shadow-root>
    <gux-button-slot-beta accent="secondary">
      <button title="Previous" type="button">
        <gux-icon decorative="" iconname="ic-chevron-small-left"></gux-icon>
      </button>
    </gux-button-slot-beta>
    <gux-button-slot-beta accent="secondary">
      <button disabled="" title="Next" type="button">
        <gux-icon decorative="" iconname="ic-chevron-small-right"></gux-icon>
      </button>
    </gux-button-slot-beta>
  </mock:shadow-root>
</gux-pagination-cursor>
`;
