// Jest Snapshot v1, https://goo.gl/fbAQLP

exports[`gux-action-toast #render should render action toast 1`] = `"<gux-action-toast lang=\\"en\\" accent=\\"neutral\\" class=\\"hydrated\\"> <gux-icon slot=\\"icon\\" icon-name=\\"user-add\\" decorative=\\"\\" class=\\"hydrated\\"></gux-icon> <div slot=\\"title\\">Title</div> <div slot=\\"message\\">This is the message</div> <gux-button slot=\\"negative-button\\" class=\\"hydrated\\">Reject</gux-button> <gux-button slot=\\"positive-button\\" accent=\\"primary\\" class=\\"hydrated\\">Accept</gux-button> </gux-action-toast>"`;
