// Jest Snapshot v1, https://goo.gl/fbAQLP

exports[`gux-action-toast #render should render action toast 1`] = `
<gux-action-toast accent="neutral">
  <!---->
  <div class="gux-header">
    <div class="gux-icon">
      <gux-icon decorative="" icon-name="user-add" slot="icon"></gux-icon>
    </div>
    <div class="gux-title">
      <div slot="title">
        Title
      </div>
    </div>
  </div>
  <div class="gux-message">
    <div slot="message">
      This is the message
    </div>
  </div>
  <div class="gux-action-buttons">
    <div class="gux-negitive-button">
      <gux-button slot="negitive-button">
        Reject
      </gux-button>
    </div>
    <div class="gux-positive-button">
      <gux-button accent="primary" slot="positive-button">
        Accept
      </gux-button>
    </div>
  </div>
</gux-action-toast>
`;
