// Jest Snapshot v1, https://goo.gl/fbAQLP

exports[`gux-switch #render should render as expected 1`] = `
<gux-switch class="gux-small" layout="small" role="group" value="day">
  <mock:shadow-root>
    <slot></slot>
  </mock:shadow-root>
  <gux-switch-item value="month">
    <!---->
    <button class="gux-switch-item" type="button">
      Month
    </button>
  </gux-switch-item>
  <gux-switch-item value="week">
    <!---->
    <button class="gux-switch-item" type="button">
      Week
    </button>
  </gux-switch-item>
  <gux-switch-item value="day">
    <!---->
    <button class="gux-switch-item" type="button">
      Day
    </button>
  </gux-switch-item>
  <gux-switch-item disabled="" value="hour">
    <!---->
    <button class="gux-switch-item" disabled="" type="button">
      Hour
    </button>
  </gux-switch-item>
  <gux-switch-item value="minute">
    <!---->
    <button class="gux-switch-item" type="button">
      Minute
    </button>
  </gux-switch-item>
</gux-switch>
`;

exports[`gux-switch onSlotchange should set selected items as expected 1`] = `
<gux-switch class="gux-small" layout="small" role="group" value="day">
  <mock:shadow-root>
    <slot></slot>
  </mock:shadow-root>
  <gux-switch-item value="month">
    <!---->
    <button class="gux-switch-item" type="button">
      Month
    </button>
  </gux-switch-item>
  <gux-switch-item value="week">
    <!---->
    <button class="gux-switch-item" type="button">
      Week
    </button>
  </gux-switch-item>
  <gux-switch-item value="day">
    <!---->
    <button class="gux-switch-item" type="button">
      Day
    </button>
  </gux-switch-item>
  <gux-switch-item disabled="" value="hour">
    <!---->
    <button class="gux-switch-item" disabled="" type="button">
      Hour
    </button>
  </gux-switch-item>
  <gux-switch-item value="minute">
    <!---->
    <button class="gux-switch-item" type="button">
      Minute
    </button>
  </gux-switch-item>
  <gux-switch-item value="second">
    <!---->
    <button class="gux-switch-item" type="button">
      Second
    </button>
  </gux-switch-item>
</gux-switch>
`;
