// Jest Snapshot v1, https://goo.gl/fbAQLP

exports[`gux-flyout-menu #render should render as expected 1`] = `"<gux-flyout-menu-beta tabindex=\\"1\\" class=\\"hydrated\\"><!----> <span aria-haspopup=\\"true\\"><span slot=\\"target\\">Example Target Element</span></span><div class=\\"gux-flyout-menu-wrapper\\" data-popper-placement=\\"bottom-start\\" style=\\"position: absolute; left: 0px; top: 0px; margin: 0px; right: auto; bottom: auto; transform: translate(8px, 32px);\\"><div class=\\"gux-flyout-menu-content\\"><gux-menu slot=\\"menu\\" role=\\"menu\\" class=\\"hydrated\\"><!----> <gux-menu-option class=\\"hydrated\\"><!----><button type=\\"button\\" class=\\"gux-menu-option-button\\" role=\\"menuitem\\" tabindex=\\"-1\\"><span class=\\"gux-menu-option-button-text\\">Option One</span></button></gux-menu-option> <gux-submenu label=\\"Submenu Two\\" class=\\"hydrated\\"><!----><button type=\\"button\\" class=\\"gux-submenu-button\\" tabindex=\\"-1\\" aria-haspopup=\\"true\\"><span class=\\"gux-submenu-button-text\\">Submenu Two</span><gux-icon class=\\"gux-submenu-open-icon hydrated\\" icon-name=\\"chevron-right\\"><div class=\\"gux-icon-container\\"><svg xmlns=\\"http://www.w3.org/2000/svg\\" viewBox=\\"0 0 16 16\\" aria-hidden=\\"true\\"><path d=\\"M12.699 8l-7.998 8-1.4-1.398L9.931 8l-6.63-6.602L4.701 0z\\"></path></svg></div></gux-icon></button><div class=\\"gux-submenu-wrapper\\" data-popper-reference-hidden data-popper-escaped data-popper-placement=\\"right-start\\" style=\\"position: absolute; left: 0px; top: 0px; margin: 0px; right: auto; bottom: auto; transform: translate(0px, 0px);\\"><div role=\\"menu\\" class=\\"gux-submenu-content\\"> <gux-menu-option class=\\"hydrated\\"><!----><button type=\\"button\\" class=\\"gux-menu-option-button\\" role=\\"menuitem\\" tabindex=\\"-1\\"><span class=\\"gux-menu-option-button-text\\">Option One</span></button></gux-menu-option> <gux-submenu label=\\"Submenu Two\\" class=\\"hydrated\\"><!----><button type=\\"button\\" class=\\"gux-submenu-button\\" tabindex=\\"-1\\" aria-haspopup=\\"true\\"><span class=\\"gux-submenu-button-text\\">Submenu Two</span><gux-icon class=\\"gux-submenu-open-icon hydrated\\" icon-name=\\"chevron-right\\"><div class=\\"gux-icon-container\\"><svg xmlns=\\"http://www.w3.org/2000/svg\\" viewBox=\\"0 0 16 16\\" aria-hidden=\\"true\\"><path d=\\"M12.699 8l-7.998 8-1.4-1.398L9.931 8l-6.63-6.602L4.701 0z\\"></path></svg></div></gux-icon></button><div class=\\"gux-submenu-wrapper\\" data-popper-reference-hidden data-popper-escaped data-popper-placement=\\"right-start\\" style=\\"position: absolute; left: 0px; top: 0px; margin: 0px; right: auto; bottom: auto; transform: translate(0px, 0px);\\"><div role=\\"menu\\" class=\\"gux-submenu-content\\"> <gux-menu-option class=\\"hydrated\\"><!----><button type=\\"button\\" class=\\"gux-menu-option-button\\" role=\\"menuitem\\" tabindex=\\"-1\\"><span class=\\"gux-menu-option-button-text\\">Option One</span></button></gux-menu-option> <gux-menu-option class=\\"hydrated\\"><!----><button type=\\"button\\" class=\\"gux-menu-option-button\\" role=\\"menuitem\\" tabindex=\\"-1\\"><span class=\\"gux-menu-option-button-text\\">Option Two</span></button></gux-menu-option> <gux-menu-option class=\\"hydrated\\"><!----><button type=\\"button\\" class=\\"gux-menu-option-button\\" role=\\"menuitem\\" tabindex=\\"-1\\"><span class=\\"gux-menu-option-button-text\\">Option Three</span></button></gux-menu-option> </div></div></gux-submenu> <gux-menu-option class=\\"hydrated\\"><!----><button type=\\"button\\" class=\\"gux-menu-option-button\\" role=\\"menuitem\\" tabindex=\\"-1\\"><span class=\\"gux-menu-option-button-text\\">Option Three</span></button></gux-menu-option> </div></div></gux-submenu> <gux-menu-option class=\\"hydrated\\"><!----><button type=\\"button\\" class=\\"gux-menu-option-button\\" role=\\"menuitem\\" tabindex=\\"-1\\"><span class=\\"gux-menu-option-button-text\\">Option Three</span></button></gux-menu-option> <gux-menu-option class=\\"hydrated\\"><!----><button type=\\"button\\" class=\\"gux-menu-option-button\\" role=\\"menuitem\\" tabindex=\\"-1\\"><span class=\\"gux-menu-option-button-text\\">Option Four</span></button></gux-menu-option> <gux-submenu label=\\"Submenu Five\\" class=\\"hydrated\\"><!----><button type=\\"button\\" class=\\"gux-submenu-button\\" tabindex=\\"-1\\" aria-haspopup=\\"true\\"><span class=\\"gux-submenu-button-text\\">Submenu Five</span><gux-icon class=\\"gux-submenu-open-icon hydrated\\" icon-name=\\"chevron-right\\"><div class=\\"gux-icon-container\\"><svg xmlns=\\"http://www.w3.org/2000/svg\\" viewBox=\\"0 0 16 16\\" aria-hidden=\\"true\\"><path d=\\"M12.699 8l-7.998 8-1.4-1.398L9.931 8l-6.63-6.602L4.701 0z\\"></path></svg></div></gux-icon></button><div class=\\"gux-submenu-wrapper\\" data-popper-reference-hidden data-popper-escaped data-popper-placement=\\"right-start\\" style=\\"position: absolute; left: 0px; top: 0px; margin: 0px; right: auto; bottom: auto; transform: translate(0px, 0px);\\"><div role=\\"menu\\" class=\\"gux-submenu-content\\"> <gux-menu-option class=\\"hydrated\\"><!----><button type=\\"button\\" class=\\"gux-menu-option-button\\" role=\\"menuitem\\" tabindex=\\"-1\\"><span class=\\"gux-menu-option-button-text\\">Option One</span></button></gux-menu-option> <gux-menu-option class=\\"hydrated\\"><!----><button type=\\"button\\" class=\\"gux-menu-option-button\\" role=\\"menuitem\\" tabindex=\\"-1\\"><span class=\\"gux-menu-option-button-text\\">Option Two</span></button></gux-menu-option> <gux-submenu label=\\"Submenu Three\\" class=\\"hydrated\\"><!----><button type=\\"button\\" class=\\"gux-submenu-button\\" tabindex=\\"-1\\" aria-haspopup=\\"true\\"><span class=\\"gux-submenu-button-text\\">Submenu Three</span><gux-icon class=\\"gux-submenu-open-icon hydrated\\" icon-name=\\"chevron-right\\"><div class=\\"gux-icon-container\\"><svg xmlns=\\"http://www.w3.org/2000/svg\\" viewBox=\\"0 0 16 16\\" aria-hidden=\\"true\\"><path d=\\"M12.699 8l-7.998 8-1.4-1.398L9.931 8l-6.63-6.602L4.701 0z\\"></path></svg></div></gux-icon></button><div class=\\"gux-submenu-wrapper\\" data-popper-reference-hidden data-popper-escaped data-popper-placement=\\"right-start\\" style=\\"position: absolute; left: 0px; top: 0px; margin: 0px; right: auto; bottom: auto; transform: translate(0px, 0px);\\"><div role=\\"menu\\" class=\\"gux-submenu-content\\"> <gux-menu-option class=\\"hydrated\\"><!----><button type=\\"button\\" class=\\"gux-menu-option-button\\" role=\\"menuitem\\" tabindex=\\"-1\\"><span class=\\"gux-menu-option-button-text\\">Option One</span></button></gux-menu-option> <gux-submenu label=\\"Submenu Two\\" class=\\"hydrated\\"><!----><button type=\\"button\\" class=\\"gux-submenu-button\\" tabindex=\\"-1\\" aria-haspopup=\\"true\\"><span class=\\"gux-submenu-button-text\\">Submenu Two</span><gux-icon class=\\"gux-submenu-open-icon hydrated\\" icon-name=\\"chevron-right\\"><div class=\\"gux-icon-container\\"><svg xmlns=\\"http://www.w3.org/2000/svg\\" viewBox=\\"0 0 16 16\\" aria-hidden=\\"true\\"><path d=\\"M12.699 8l-7.998 8-1.4-1.398L9.931 8l-6.63-6.602L4.701 0z\\"></path></svg></div></gux-icon></button><div class=\\"gux-submenu-wrapper\\" data-popper-reference-hidden data-popper-escaped data-popper-placement=\\"right-start\\" style=\\"position: absolute; left: 0px; top: 0px; margin: 0px; right: auto; bottom: auto; transform: translate(0px, 0px);\\"><div role=\\"menu\\" class=\\"gux-submenu-content\\"> <gux-menu-option class=\\"hydrated\\"><!----><button type=\\"button\\" class=\\"gux-menu-option-button\\" role=\\"menuitem\\" tabindex=\\"-1\\"><span class=\\"gux-menu-option-button-text\\">Option One</span></button></gux-menu-option> <gux-submenu label=\\"Submenu Two\\" class=\\"hydrated\\"><!----><button type=\\"button\\" class=\\"gux-submenu-button\\" tabindex=\\"-1\\" aria-haspopup=\\"true\\"><span class=\\"gux-submenu-button-text\\">Submenu Two</span><gux-icon class=\\"gux-submenu-open-icon hydrated\\" icon-name=\\"chevron-right\\"><div class=\\"gux-icon-container\\"><svg xmlns=\\"http://www.w3.org/2000/svg\\" viewBox=\\"0 0 16 16\\" aria-hidden=\\"true\\"><path d=\\"M12.699 8l-7.998 8-1.4-1.398L9.931 8l-6.63-6.602L4.701 0z\\"></path></svg></div></gux-icon></button><div class=\\"gux-submenu-wrapper\\" data-popper-reference-hidden data-popper-escaped data-popper-placement=\\"right-start\\" style=\\"position: absolute; left: 0px; top: 0px; margin: 0px; right: auto; bottom: auto; transform: translate(0px, 0px);\\"><div role=\\"menu\\" class=\\"gux-submenu-content\\"> <gux-menu-option class=\\"hydrated\\"><!----><button type=\\"button\\" class=\\"gux-menu-option-button\\" role=\\"menuitem\\" tabindex=\\"-1\\"><span class=\\"gux-menu-option-button-text\\">Option One</span></button></gux-menu-option> <gux-menu-option class=\\"hydrated\\"><!----><button type=\\"button\\" class=\\"gux-menu-option-button\\" role=\\"menuitem\\" tabindex=\\"-1\\"><span class=\\"gux-menu-option-button-text\\">Option Two</span></button></gux-menu-option> <gux-menu-option class=\\"hydrated\\"><!----><button type=\\"button\\" class=\\"gux-menu-option-button\\" role=\\"menuitem\\" tabindex=\\"-1\\"><span class=\\"gux-menu-option-button-text\\">Option Three</span></button></gux-menu-option> </div></div></gux-submenu> <gux-menu-option class=\\"hydrated\\"><!----><button type=\\"button\\" class=\\"gux-menu-option-button\\" role=\\"menuitem\\" tabindex=\\"-1\\"><span class=\\"gux-menu-option-button-text\\">Option Three</span></button></gux-menu-option> </div></div></gux-submenu> <gux-menu-option class=\\"hydrated\\"><!----><button type=\\"button\\" class=\\"gux-menu-option-button\\" role=\\"menuitem\\" tabindex=\\"-1\\"><span class=\\"gux-menu-option-button-text\\">Option Three</span></button></gux-menu-option> </div></div></gux-submenu> </div></div></gux-submenu> </gux-menu></div><div class=\\"gux-arrow\\" data-popper-arrow style=\\"position: absolute; left: 0px; transform: translate(16px, 0px);\\"></div></div></gux-flyout-menu-beta>"`;
