// Jest Snapshot v1, https://goo.gl/fbAQLP

exports[`gux-modal #render should render large modal 1`] = `"<gux-modal lang=\\"en\\" size=\\"large\\" class=\\"hydrated\\"> <div slot=\\"title\\">Modal Title</div> <div slot=\\"content\\">This contains the modal content.</div> <div slot=\\"left-align-buttons\\"> <gux-button class=\\"hydrated\\">Cancel</gux-button> </div> <div slot=\\"right-align-buttons\\"> <gux-button accent=\\"primary\\" class=\\"hydrated\\">Accept</gux-button> </div> </gux-modal>"`;

exports[`gux-modal #render should render large modal 2`] = `"<gux-modal lang=\\"en\\" size=\\"large\\" class=\\"hydrated\\" hidden=\\"true\\"> <div slot=\\"title\\">Modal Title</div> <div slot=\\"content\\">This contains the modal content.</div> <div slot=\\"left-align-buttons\\"> <gux-button class=\\"hydrated\\">Cancel</gux-button> </div> <div slot=\\"right-align-buttons\\"> <gux-button accent=\\"primary\\" class=\\"hydrated\\">Accept</gux-button> </div> </gux-modal>"`;

exports[`gux-modal #render should render medium modal 1`] = `"<gux-modal lang=\\"en\\" size=\\"medium\\" class=\\"hydrated\\"> <div slot=\\"title\\">Modal Title</div> <div slot=\\"content\\">This contains the modal content.</div> <div slot=\\"left-align-buttons\\"> <gux-button class=\\"hydrated\\">Cancel</gux-button> </div> <div slot=\\"right-align-buttons\\"> <gux-button accent=\\"primary\\" class=\\"hydrated\\">Accept</gux-button> </div> </gux-modal>"`;

exports[`gux-modal #render should render medium modal 2`] = `"<gux-modal lang=\\"en\\" size=\\"medium\\" class=\\"hydrated\\" hidden=\\"true\\"> <div slot=\\"title\\">Modal Title</div> <div slot=\\"content\\">This contains the modal content.</div> <div slot=\\"left-align-buttons\\"> <gux-button class=\\"hydrated\\">Cancel</gux-button> </div> <div slot=\\"right-align-buttons\\"> <gux-button accent=\\"primary\\" class=\\"hydrated\\">Accept</gux-button> </div> </gux-modal>"`;

exports[`gux-modal #render should render modal with just left align buttons 1`] = `"<gux-modal lang=\\"en\\" size=\\"small\\" class=\\"hydrated\\"> <div slot=\\"title\\">Modal Title</div> <div slot=\\"content\\">This contains the modal content.</div> <div slot=\\"left-align-buttons\\"> <gux-button class=\\"hydrated\\">Cancel</gux-button> </div> </gux-modal>"`;

exports[`gux-modal #render should render modal with just left align buttons 2`] = `"<gux-modal lang=\\"en\\" size=\\"small\\" class=\\"hydrated\\" hidden=\\"true\\"> <div slot=\\"title\\">Modal Title</div> <div slot=\\"content\\">This contains the modal content.</div> <div slot=\\"left-align-buttons\\"> <gux-button class=\\"hydrated\\">Cancel</gux-button> </div> </gux-modal>"`;

exports[`gux-modal #render should render modal with just right align buttons 1`] = `"<gux-modal lang=\\"en\\" size=\\"small\\" class=\\"hydrated\\"> <div slot=\\"title\\">Modal Title</div> <div slot=\\"content\\">This contains the modal content.</div> <div slot=\\"right-align-buttons\\"> <gux-button accent=\\"primary\\" class=\\"hydrated\\">Accept</gux-button> </div> </gux-modal>"`;

exports[`gux-modal #render should render modal with just right align buttons 2`] = `"<gux-modal lang=\\"en\\" size=\\"small\\" class=\\"hydrated\\" hidden=\\"true\\"> <div slot=\\"title\\">Modal Title</div> <div slot=\\"content\\">This contains the modal content.</div> <div slot=\\"right-align-buttons\\"> <gux-button accent=\\"primary\\" class=\\"hydrated\\">Accept</gux-button> </div> </gux-modal>"`;

exports[`gux-modal #render should render modal without a title 1`] = `"<gux-modal lang=\\"en\\" size=\\"large\\" class=\\"hydrated\\"> <div slot=\\"content\\">This contains the modal content.</div> <div slot=\\"left-align-buttons\\"> <gux-button class=\\"hydrated\\">Cancel</gux-button> </div> <div slot=\\"right-align-buttons\\"> <gux-button accent=\\"primary\\" class=\\"hydrated\\">Accept</gux-button> </div> </gux-modal>"`;

exports[`gux-modal #render should render modal without a title 2`] = `"<gux-modal lang=\\"en\\" size=\\"large\\" class=\\"hydrated\\" hidden=\\"true\\"> <div slot=\\"content\\">This contains the modal content.</div> <div slot=\\"left-align-buttons\\"> <gux-button class=\\"hydrated\\">Cancel</gux-button> </div> <div slot=\\"right-align-buttons\\"> <gux-button accent=\\"primary\\" class=\\"hydrated\\">Accept</gux-button> </div> </gux-modal>"`;

exports[`gux-modal #render should render modal without buttons 1`] = `"<gux-modal lang=\\"en\\" size=\\"small\\" class=\\"hydrated\\"> <div slot=\\"title\\">Modal Title</div> <div slot=\\"content\\">This contains the modal content.</div> </gux-modal>"`;

exports[`gux-modal #render should render modal without buttons 2`] = `"<gux-modal lang=\\"en\\" size=\\"small\\" class=\\"hydrated\\" hidden=\\"true\\"> <div slot=\\"title\\">Modal Title</div> <div slot=\\"content\\">This contains the modal content.</div> </gux-modal>"`;

exports[`gux-modal #render should render small modal 1`] = `"<gux-modal lang=\\"en\\" size=\\"small\\" class=\\"hydrated\\"> <div slot=\\"title\\">Modal Title</div> <div slot=\\"content\\">This contains the modal content.</div> <div slot=\\"left-align-buttons\\"> <gux-button class=\\"hydrated\\">Cancel</gux-button> </div> <div slot=\\"right-align-buttons\\"> <gux-button accent=\\"primary\\" class=\\"hydrated\\">Accept</gux-button> </div> </gux-modal>"`;

exports[`gux-modal #render should render small modal 2`] = `"<gux-modal lang=\\"en\\" size=\\"small\\" class=\\"hydrated\\" hidden=\\"true\\"> <div slot=\\"title\\">Modal Title</div> <div slot=\\"content\\">This contains the modal content.</div> <div slot=\\"left-align-buttons\\"> <gux-button class=\\"hydrated\\">Cancel</gux-button> </div> <div slot=\\"right-align-buttons\\"> <gux-button accent=\\"primary\\" class=\\"hydrated\\">Accept</gux-button> </div> </gux-modal>"`;

exports[`gux-modal #render should render small modal by default 1`] = `"<gux-modal lang=\\"en\\" class=\\"hydrated\\"> <div slot=\\"title\\">Modal Title</div> <div slot=\\"content\\">This contains the modal content.</div> <div slot=\\"left-align-buttons\\"> <gux-button class=\\"hydrated\\">Cancel</gux-button> </div> <div slot=\\"right-align-buttons\\"> <gux-button accent=\\"primary\\" class=\\"hydrated\\">Accept</gux-button> </div> </gux-modal>"`;

exports[`gux-modal #render should render small modal by default 2`] = `"<gux-modal lang=\\"en\\" class=\\"hydrated\\" hidden=\\"true\\"> <div slot=\\"title\\">Modal Title</div> <div slot=\\"content\\">This contains the modal content.</div> <div slot=\\"left-align-buttons\\"> <gux-button class=\\"hydrated\\">Cancel</gux-button> </div> <div slot=\\"right-align-buttons\\"> <gux-button accent=\\"primary\\" class=\\"hydrated\\">Accept</gux-button> </div> </gux-modal>"`;
