// Jest Snapshot v1, https://goo.gl/fbAQLP

exports[`gux-button-slot-beta #render should render button with invalid accent 1`] = `"<gux-button-slot-beta accent=\\"invalid\\" class=\\"hydrated\\"><button type=\\"button\\" accent=\\"primary\\">Button</button></gux-button-slot-beta>"`;

exports[`gux-button-slot-beta #render should render default button 1`] = `"<gux-button-slot-beta accent=\\"secondary\\" class=\\"hydrated\\"><button type=\\"button\\" accent=\\"primary\\">Button</button></gux-button-slot-beta>"`;

exports[`gux-button-slot-beta #render should render default input[type=button] 1`] = `"<gux-button-slot-beta accent=\\"secondary\\" class=\\"hydrated\\"><input type=\\"button\\" accent=\\"primary\\" value=\\"Button\\"></gux-button-slot-beta>"`;

exports[`gux-button-slot-beta #render should render default input[type=submit] 1`] = `"<gux-button-slot-beta accent=\\"secondary\\" class=\\"hydrated\\"><input type=\\"submit\\" accent=\\"primary\\" value=\\"Button\\"></gux-button-slot-beta>"`;

exports[`gux-button-slot-beta #render should render disabled default button 1`] = `"<gux-button-slot-beta accent=\\"secondary\\" class=\\"hydrated\\"><button type=\\"button\\" accent=\\"primary\\" disabled=\\"\\">Button</button></gux-button-slot-beta>"`;

exports[`gux-button-slot-beta #render should render disabled default input[type=button] 1`] = `"<gux-button-slot-beta accent=\\"secondary\\" class=\\"hydrated\\"><input type=\\"button\\" accent=\\"primary\\" disabled=\\"\\" value=\\"Button\\"></gux-button-slot-beta>"`;

exports[`gux-button-slot-beta #render should render disabled default input[type=submit] 1`] = `"<gux-button-slot-beta accent=\\"secondary\\" class=\\"hydrated\\"><input type=\\"submit\\" accent=\\"primary\\" disabled=\\"\\" value=\\"Button\\"></gux-button-slot-beta>"`;

exports[`gux-button-slot-beta #render should render disabled primary button 1`] = `"<gux-button-slot-beta accent=\\"primary\\" class=\\"hydrated\\"><button type=\\"button\\" accent=\\"primary\\" disabled=\\"\\">Button</button></gux-button-slot-beta>"`;

exports[`gux-button-slot-beta #render should render disabled primary input[type=button] 1`] = `"<gux-button-slot-beta accent=\\"primary\\" class=\\"hydrated\\"><input type=\\"button\\" accent=\\"primary\\" disabled=\\"\\" value=\\"Button\\"></gux-button-slot-beta>"`;

exports[`gux-button-slot-beta #render should render disabled primary input[type=submit] 1`] = `"<gux-button-slot-beta accent=\\"primary\\" class=\\"hydrated\\"><input type=\\"submit\\" accent=\\"primary\\" disabled=\\"\\" value=\\"Button\\"></gux-button-slot-beta>"`;

exports[`gux-button-slot-beta #render should render disabled secondary button 1`] = `"<gux-button-slot-beta accent=\\"secondary\\" class=\\"hydrated\\"><button type=\\"button\\" accent=\\"primary\\" disabled=\\"\\">Button</button></gux-button-slot-beta>"`;

exports[`gux-button-slot-beta #render should render disabled secondary input[type=button] 1`] = `"<gux-button-slot-beta accent=\\"secondary\\" class=\\"hydrated\\"><input type=\\"button\\" accent=\\"primary\\" disabled=\\"\\" value=\\"Button\\"></gux-button-slot-beta>"`;

exports[`gux-button-slot-beta #render should render disabled secondary input[type=submit] 1`] = `"<gux-button-slot-beta accent=\\"secondary\\" class=\\"hydrated\\"><input type=\\"submit\\" accent=\\"primary\\" disabled=\\"\\" value=\\"Button\\"></gux-button-slot-beta>"`;

exports[`gux-button-slot-beta #render should render disabled tertiary button 1`] = `"<gux-button-slot-beta accent=\\"tertiary\\" class=\\"hydrated\\"><button type=\\"button\\" accent=\\"primary\\" disabled=\\"\\">Button</button></gux-button-slot-beta>"`;

exports[`gux-button-slot-beta #render should render disabled tertiary input[type=button] 1`] = `"<gux-button-slot-beta accent=\\"tertiary\\" class=\\"hydrated\\"><input type=\\"button\\" accent=\\"primary\\" disabled=\\"\\" value=\\"Button\\"></gux-button-slot-beta>"`;

exports[`gux-button-slot-beta #render should render disabled tertiary input[type=submit] 1`] = `"<gux-button-slot-beta accent=\\"tertiary\\" class=\\"hydrated\\"><input type=\\"submit\\" accent=\\"primary\\" disabled=\\"\\" value=\\"Button\\"></gux-button-slot-beta>"`;

exports[`gux-button-slot-beta #render should render input[type=button] with invalid accent 1`] = `"<gux-button-slot-beta accent=\\"invalid\\" class=\\"hydrated\\"><input type=\\"button\\" accent=\\"primary\\" value=\\"Button\\"></gux-button-slot-beta>"`;

exports[`gux-button-slot-beta #render should render input[type=submit] with invalid accent 1`] = `"<gux-button-slot-beta accent=\\"invalid\\" class=\\"hydrated\\"><input type=\\"submit\\" accent=\\"primary\\" value=\\"Button\\"></gux-button-slot-beta>"`;

exports[`gux-button-slot-beta #render should render invalid button 1`] = `"<gux-button-slot-beta accent=\\"invalid\\" class=\\"hydrated\\"><button type=\\"button\\" accent=\\"primary\\">Button</button></gux-button-slot-beta>"`;

exports[`gux-button-slot-beta #render should render invalid input[type=button] 1`] = `"<gux-button-slot-beta accent=\\"invalid\\" class=\\"hydrated\\"><input type=\\"button\\" accent=\\"primary\\" value=\\"Button\\"></gux-button-slot-beta>"`;

exports[`gux-button-slot-beta #render should render invalid input[type=submit] 1`] = `"<gux-button-slot-beta accent=\\"invalid\\" class=\\"hydrated\\"><input type=\\"submit\\" accent=\\"primary\\" value=\\"Button\\"></gux-button-slot-beta>"`;

exports[`gux-button-slot-beta #render should render primary button 1`] = `"<gux-button-slot-beta accent=\\"primary\\" class=\\"hydrated\\"><button type=\\"button\\" accent=\\"primary\\">Button</button></gux-button-slot-beta>"`;

exports[`gux-button-slot-beta #render should render primary input[type=button] 1`] = `"<gux-button-slot-beta accent=\\"primary\\" class=\\"hydrated\\"><input type=\\"button\\" accent=\\"primary\\" value=\\"Button\\"></gux-button-slot-beta>"`;

exports[`gux-button-slot-beta #render should render primary input[type=submit] 1`] = `"<gux-button-slot-beta accent=\\"primary\\" class=\\"hydrated\\"><input type=\\"submit\\" accent=\\"primary\\" value=\\"Button\\"></gux-button-slot-beta>"`;

exports[`gux-button-slot-beta #render should render secondary button 1`] = `"<gux-button-slot-beta accent=\\"secondary\\" class=\\"hydrated\\"><button type=\\"button\\" accent=\\"primary\\">Button</button></gux-button-slot-beta>"`;

exports[`gux-button-slot-beta #render should render secondary input[type=button] 1`] = `"<gux-button-slot-beta accent=\\"secondary\\" class=\\"hydrated\\"><input type=\\"button\\" accent=\\"primary\\" value=\\"Button\\"></gux-button-slot-beta>"`;

exports[`gux-button-slot-beta #render should render secondary input[type=submit] 1`] = `"<gux-button-slot-beta accent=\\"secondary\\" class=\\"hydrated\\"><input type=\\"submit\\" accent=\\"primary\\" value=\\"Button\\"></gux-button-slot-beta>"`;

exports[`gux-button-slot-beta #render should render tertiary button 1`] = `"<gux-button-slot-beta accent=\\"tertiary\\" class=\\"hydrated\\"><button type=\\"button\\" accent=\\"primary\\">Button</button></gux-button-slot-beta>"`;

exports[`gux-button-slot-beta #render should render tertiary input[type=button] 1`] = `"<gux-button-slot-beta accent=\\"tertiary\\" class=\\"hydrated\\"><input type=\\"button\\" accent=\\"primary\\" value=\\"Button\\"></gux-button-slot-beta>"`;

exports[`gux-button-slot-beta #render should render tertiary input[type=submit] 1`] = `"<gux-button-slot-beta accent=\\"tertiary\\" class=\\"hydrated\\"><input type=\\"submit\\" accent=\\"primary\\" value=\\"Button\\"></gux-button-slot-beta>"`;
