// Jest Snapshot v1, https://goo.gl/fbAQLP

exports[`gux-table-beta #render empty table 1`] = `"<gux-table-beta lang=\\"en\\" class=\\"hydrated\\"><!----> <div class=\\"gux-table\\"><div tabindex=\\"-1\\" id=\\"gux-table-i\\" class=\\"gux-table-container\\"><table slot=\\"data\\"> <thead> <tr> <th>First name</th> <th>Last name</th> <th data-cell-numeric>Age</th> <th data-cell-action>Action</th> </tr> </thead> </table></div><div class=\\"gux-empty-table\\"><h2>No data available</h2></div></div></gux-table-beta>"`;

exports[`gux-table-beta #render should render compact data table 1`] = `"<gux-table-beta compact=\\"\\" lang=\\"en\\" class=\\"hydrated\\"><!----> <div class=\\"gux-table\\"><div tabindex=\\"-1\\" id=\\"gux-table-i\\" class=\\"gux-table-container gux-compact\\"><table slot=\\"data\\"> <thead> <tr> <th>First name</th> <th>Last name</th> <th data-cell-numeric>Age</th> <th data-cell-action>Action</th> </tr> </thead> <tbody> <tr> <td>John</td> <td>Doe</td> <td data-cell-numeric>25</td> <td data-cell-action>Delete</td> </tr> <tr> <td>Jane</td> <td>Doe</td> <td data-cell-numeric>23</td> <td data-cell-action>Delete</td> </tr> <tr> <td>Jane</td> <td>Doe</td> <td data-cell-numeric>21</td> <td data-cell-action>Delete</td> </tr> <tr> <td>Jane</td> <td>Doe</td> <td data-cell-numeric>23</td> <td data-cell-action>Delete</td> </tr> </tbody> </table></div></div></gux-table-beta>"`;

exports[`gux-table-beta #render should render data table 1`] = `"<gux-table-beta lang=\\"en\\" class=\\"hydrated\\"><!----> <div class=\\"gux-table\\"><div tabindex=\\"-1\\" id=\\"gux-table-i\\" class=\\"gux-table-container\\"><table slot=\\"data\\"> <thead> <tr> <th>First name</th> <th>Last name</th> <th data-cell-numeric>Age</th> <th data-cell-action>Action</th> </tr> </thead> <tbody> <tr> <td>John</td> <td>Doe</td> <td data-cell-numeric>25</td> <td data-cell-action>Delete</td> </tr> <tr> <td>Jane</td> <td>Doe</td> <td data-cell-numeric>23</td> <td data-cell-action>Delete</td> </tr> <tr> <td>Jane</td> <td>Doe</td> <td data-cell-numeric>21</td> <td data-cell-action>Delete</td> </tr> <tr> <td>Jane</td> <td>Doe</td> <td data-cell-numeric>23</td> <td data-cell-action>Delete</td> </tr> </tbody> </table></div></div></gux-table-beta>"`;

exports[`gux-table-beta #render should render empty table with rows selection 1`] = `"<gux-table-beta object-table=\\"\\" selectable-rows=\\"\\" lang=\\"en\\" class=\\"hydrated\\"><!----> <div class=\\"gux-table\\"><div tabindex=\\"-1\\" id=\\"gux-table-i\\" class=\\"gux-table-container gux-object-table\\"><table slot=\\"data\\"> <thead> <tr> <th>First name</th> <th>Last name</th> <th data-cell-numeric>Age</th> <th data-cell-action>Action</th> </tr> </thead> </table></div><div class=\\"gux-empty-table\\"><h2>No data available</h2></div></div></gux-table-beta>"`;

exports[`gux-table-beta #render should render object table 1`] = `"<gux-table-beta object-table=\\"\\" lang=\\"en\\" class=\\"hydrated\\"><!----> <div class=\\"gux-table\\"><div tabindex=\\"-1\\" id=\\"gux-table-i\\" class=\\"gux-table-container gux-object-table\\"><table slot=\\"data\\"> <thead> <tr> <th>First name</th> <th>Last name</th> <th data-cell-numeric>Age</th> <th data-cell-action>Action</th> </tr> </thead> <tbody> <tr> <td>John</td> <td>Doe</td> <td data-cell-numeric>25</td> <td data-cell-action>Delete</td> </tr> <tr> <td>Jane</td> <td>Doe</td> <td data-cell-numeric>23</td> <td data-cell-action>Delete</td> </tr> <tr> <td>Jane</td> <td>Doe</td> <td data-cell-numeric>21</td> <td data-cell-action>Delete</td> </tr> <tr> <td>Jane</td> <td>Doe</td> <td data-cell-numeric>23</td> <td data-cell-action>Delete</td> </tr> </tbody> </table></div></div></gux-table-beta>"`;

exports[`gux-table-beta #render should render table with horizontal scroll 1`] = `"<gux-table-beta lang=\\"en\\" class=\\"hydrated\\"><!----> <div class=\\"gux-table gux-horizontal-scroll\\"><div tabindex=\\"-1\\" id=\\"gux-table-i\\" class=\\"gux-table-container\\"><table slot=\\"data\\"> <thead> <tr> <th>First name</th> <th>Last name</th> <th data-cell-numeric>Age</th> <th data-cell-action>Action</th> </tr> </thead> <tbody> <tr> <td>John</td> <td>Doe</td> <td data-cell-numeric>25</td> <td data-cell-action>Delete</td> </tr> <tr> <td>Jane</td> <td>Doe</td> <td data-cell-numeric>23</td> <td data-cell-action>Delete</td> </tr> <tr> <td>Jane</td> <td>Doe</td> <td data-cell-numeric>21</td> <td data-cell-action>Delete</td> </tr> <tr> <td>Jane</td> <td>Doe</td> <td data-cell-numeric>23</td> <td data-cell-action>Delete</td> </tr> </tbody> </table></div><gux-button-slot-beta accent=\\"secondary\\" class=\\"hydrated\\"><button class=\\"gux-table-scroll-left\\" disabled=\\"\\"><gux-icon icon-name=\\"chevron-left\\" screenreader-text=\\"Scroll Left\\" class=\\"hydrated\\"></gux-icon></button></gux-button-slot-beta><gux-button-slot-beta accent=\\"secondary\\" class=\\"hydrated\\" style=\\"margin-right: 0px;\\"><button class=\\"gux-table-scroll-right\\" style=\\"margin-right: 0px;\\"><gux-icon icon-name=\\"chevron-right\\" screenreader-text=\\"Scroll Right\\" class=\\"hydrated\\"></gux-icon></button></gux-button-slot-beta></div></gux-table-beta>"`;

exports[`gux-table-beta #render should render table with rows selection 1`] = `"<gux-table-beta object-table=\\"\\" selectable-rows=\\"\\" lang=\\"en\\" class=\\"hydrated\\"><!----> <div class=\\"gux-table\\"><div tabindex=\\"-1\\" id=\\"gux-table-i\\" class=\\"gux-table-container gux-object-table\\"><table slot=\\"data\\"> <thead> <tr> <th>First name</th> <th>Last name</th> <th data-cell-numeric>Age</th> <th data-cell-action>Action</th> </tr> </thead> <tbody> <tr> <td>John</td> <td>Doe</td> <td data-cell-numeric>25</td> <td data-cell-action>Delete</td> </tr> <tr> <td>Jane</td> <td>Doe</td> <td data-cell-numeric>23</td> <td data-cell-action>Delete</td> </tr> <tr> <td>Jane</td> <td>Doe</td> <td data-cell-numeric>21</td> <td data-cell-action>Delete</td> </tr> <tr> <td>Jane</td> <td>Doe</td> <td data-cell-numeric>23</td> <td data-cell-action>Delete</td> </tr> </tbody> </table></div></div></gux-table-beta>"`;

exports[`gux-table-beta #render should render table with vertical scroll 1`] = `"<gux-table-beta lang=\\"en\\" class=\\"hydrated\\"><!----> <div class=\\"gux-table gux-vertical-scroll\\"><div tabindex=\\"0\\" id=\\"gux-table-i\\" class=\\"gux-table-container\\"><table slot=\\"data\\"> <thead> <tr> <th>First name</th> <th>Last name</th> <th data-cell-numeric>Age</th> <th data-cell-action>Action</th> </tr> </thead> <tbody> <tr> <td>John</td> <td>Doe</td> <td data-cell-numeric>25</td> <td data-cell-action>Delete</td> </tr> <tr> <td>Jane</td> <td>Doe</td> <td data-cell-numeric>23</td> <td data-cell-action>Delete</td> </tr> <tr> <td>Jane</td> <td>Doe</td> <td data-cell-numeric>21</td> <td data-cell-action>Delete</td> </tr> <tr> <td>Jane</td> <td>Doe</td> <td data-cell-numeric>23</td> <td data-cell-action>Delete</td> </tr> </tbody> </table></div></div></gux-table-beta>"`;
