// Jest Snapshot v1, https://goo.gl/fbAQLP

exports[`gux-chart-line-beta #render should render chart 1`] = `"<gux-chart-line-beta x-field-name=\\"date\\" y-field-name=\\"value\\" class=\\"hydrated\\"></gux-chart-line-beta>"`;
