// Jest Snapshot v1, https://goo.gl/fbAQLP

exports[`gux-content-search #render default control with 0 Match 1`] = `"<gux-content-search lang=\\"en\\" current-match=\\"0\\" match-count=\\"0\\" class=\\"hydrated\\"> <input type=\\"text\\" placeholder=\\"Search\\" value=\\"Default Search Text\\"> </gux-content-search>"`;

exports[`gux-content-search #render default control with 0 Match 2`] = `"<gux-content-search lang=\\"en\\" current-match=\\"0\\" match-count=\\"0\\" class=\\"hydrated\\"> <input type=\\"text\\" placeholder=\\"Search\\" value=\\"Default Search Text\\"> </gux-content-search>"`;

exports[`gux-content-search #render default control with 0 Match 3`] = `"<gux-content-search lang=\\"en\\" current-match=\\"0\\" match-count=\\"0\\" class=\\"hydrated\\"> <input type=\\"text\\" placeholder=\\"Search\\" value=\\"Default Search Text\\"> </gux-content-search>"`;

exports[`gux-content-search #render default control with 0 Match 4`] = `"<gux-content-search lang=\\"en\\" current-match=\\"0\\" match-count=\\"0\\" class=\\"hydrated\\"> <input type=\\"text\\" placeholder=\\"Search\\" value=\\"Default Search Text\\"> </gux-content-search>"`;

exports[`gux-content-search #render default control with 0 Match 5`] = `"<gux-content-search lang=\\"en\\" current-match=\\"0\\" match-count=\\"0\\" class=\\"hydrated\\"> <input type=\\"text\\" placeholder=\\"Search\\" value=\\"Default Search Text\\"> </gux-content-search>"`;

exports[`gux-content-search #render default control with 0 Match disabled= "true" 1`] = `"<gux-content-search lang=\\"en\\" current-match=\\"0\\" match-count=\\"0\\" class=\\"hydrated\\"> <input type=\\"text\\" disabled=\\"true\\" placeholder=\\"Search\\" value=\\"Default Search Text\\"> </gux-content-search>"`;

exports[`gux-content-search #render default control with 0 Match disabled= "true" 2`] = `"<gux-content-search lang=\\"en\\" current-match=\\"0\\" match-count=\\"0\\" class=\\"hydrated\\"> <input type=\\"text\\" disabled=\\"true\\" placeholder=\\"Search\\" value=\\"Default Search Text\\"> </gux-content-search>"`;

exports[`gux-content-search #render default control with 0 Match disabled= "true" 3`] = `"<gux-content-search lang=\\"en\\" current-match=\\"0\\" match-count=\\"0\\" class=\\"hydrated\\"> <input type=\\"text\\" disabled=\\"true\\" placeholder=\\"Search\\" value=\\"Default Search Text\\"> </gux-content-search>"`;

exports[`gux-content-search #render default control with 0 Match disabled= "true" 4`] = `"<gux-content-search lang=\\"en\\" current-match=\\"0\\" match-count=\\"0\\" class=\\"hydrated\\"> <input type=\\"text\\" disabled=\\"true\\" placeholder=\\"Search\\" value=\\"Default Search Text\\"> </gux-content-search>"`;

exports[`gux-content-search #render default control with 0 Match disabled= "true" 5`] = `"<gux-content-search lang=\\"en\\" current-match=\\"0\\" match-count=\\"0\\" class=\\"hydrated\\"> <input type=\\"text\\" disabled=\\"true\\" placeholder=\\"Search\\" value=\\"Default Search Text\\"> </gux-content-search>"`;

exports[`gux-content-search #render default control with 1 Match 1`] = `"<gux-content-search lang=\\"en\\" current-match=\\"1\\" match-count=\\"1\\" class=\\"hydrated\\"> <input type=\\"text\\" placeholder=\\"Search\\" value=\\"Default Search Text\\"> </gux-content-search>"`;

exports[`gux-content-search #render default control with 1 Match 2`] = `"<gux-content-search lang=\\"en\\" current-match=\\"1\\" match-count=\\"1\\" class=\\"hydrated\\"> <input type=\\"text\\" placeholder=\\"Search\\" value=\\"Default Search Text\\"> </gux-content-search>"`;

exports[`gux-content-search #render default control with 1 Match 3`] = `"<gux-content-search lang=\\"en\\" current-match=\\"1\\" match-count=\\"1\\" class=\\"hydrated\\"> <input type=\\"text\\" placeholder=\\"Search\\" value=\\"Default Search Text\\"> </gux-content-search>"`;

exports[`gux-content-search #render default control with 1 Match 4`] = `"<gux-content-search lang=\\"en\\" current-match=\\"1\\" match-count=\\"1\\" class=\\"hydrated\\"> <input type=\\"text\\" placeholder=\\"Search\\" value=\\"Default Search Text\\"> </gux-content-search>"`;

exports[`gux-content-search #render default control with 1 Match 5`] = `"<gux-content-search lang=\\"en\\" current-match=\\"1\\" match-count=\\"1\\" class=\\"hydrated\\"> <input type=\\"text\\" placeholder=\\"Search\\" value=\\"Default Search Text\\"> </gux-content-search>"`;

exports[`gux-content-search #render default control with 1 Match disabled= "true" 1`] = `"<gux-content-search lang=\\"en\\" current-match=\\"1\\" match-count=\\"1\\" class=\\"hydrated\\"> <input type=\\"text\\" disabled=\\"true\\" placeholder=\\"Search\\" value=\\"Default Search Text\\"> </gux-content-search>"`;

exports[`gux-content-search #render default control with 1 Match disabled= "true" 2`] = `"<gux-content-search lang=\\"en\\" current-match=\\"1\\" match-count=\\"1\\" class=\\"hydrated\\"> <input type=\\"text\\" disabled=\\"true\\" placeholder=\\"Search\\" value=\\"Default Search Text\\"> </gux-content-search>"`;

exports[`gux-content-search #render default control with 1 Match disabled= "true" 3`] = `"<gux-content-search lang=\\"en\\" current-match=\\"1\\" match-count=\\"1\\" class=\\"hydrated\\"> <input type=\\"text\\" disabled=\\"true\\" placeholder=\\"Search\\" value=\\"Default Search Text\\"> </gux-content-search>"`;

exports[`gux-content-search #render default control with 1 Match disabled= "true" 4`] = `"<gux-content-search lang=\\"en\\" current-match=\\"1\\" match-count=\\"1\\" class=\\"hydrated\\"> <input type=\\"text\\" disabled=\\"true\\" placeholder=\\"Search\\" value=\\"Default Search Text\\"> </gux-content-search>"`;

exports[`gux-content-search #render default control with 1 Match disabled= "true" 5`] = `"<gux-content-search lang=\\"en\\" current-match=\\"1\\" match-count=\\"1\\" class=\\"hydrated\\"> <input type=\\"text\\" disabled=\\"true\\" placeholder=\\"Search\\" value=\\"Default Search Text\\"> </gux-content-search>"`;

exports[`gux-content-search #render default control with 2 Match 1`] = `"<gux-content-search lang=\\"en\\" current-match=\\"1\\" match-count=\\"2\\" class=\\"hydrated\\"> <input type=\\"text\\" placeholder=\\"Search\\" value=\\"Default Search Text\\"> </gux-content-search>"`;

exports[`gux-content-search #render default control with 2 Match 2`] = `"<gux-content-search lang=\\"en\\" current-match=\\"1\\" match-count=\\"2\\" class=\\"hydrated\\"> <input type=\\"text\\" placeholder=\\"Search\\" value=\\"Default Search Text\\"> </gux-content-search>"`;

exports[`gux-content-search #render default control with 2 Match 3`] = `"<gux-content-search lang=\\"en\\" current-match=\\"1\\" match-count=\\"2\\" class=\\"hydrated\\"> <input type=\\"text\\" placeholder=\\"Search\\" value=\\"Default Search Text\\"> </gux-content-search>"`;

exports[`gux-content-search #render default control with 2 Match 4`] = `"<gux-content-search lang=\\"en\\" current-match=\\"1\\" match-count=\\"2\\" class=\\"hydrated\\"> <input type=\\"text\\" placeholder=\\"Search\\" value=\\"Default Search Text\\"> </gux-content-search>"`;

exports[`gux-content-search #render default control with 2 Match 5`] = `"<gux-content-search lang=\\"en\\" current-match=\\"1\\" match-count=\\"2\\" class=\\"hydrated\\"> <input type=\\"text\\" placeholder=\\"Search\\" value=\\"Default Search Text\\"> </gux-content-search>"`;

exports[`gux-content-search #render default control with 2 Match disabled= "true" 1`] = `"<gux-content-search lang=\\"en\\" current-match=\\"2\\" match-count=\\"2\\" class=\\"hydrated\\"> <input type=\\"text\\" disabled=\\"true\\" placeholder=\\"Search\\" value=\\"Default Search Text\\"> </gux-content-search>"`;

exports[`gux-content-search #render default control with 2 Match disabled= "true" 2`] = `"<gux-content-search lang=\\"en\\" current-match=\\"2\\" match-count=\\"2\\" class=\\"hydrated\\"> <input type=\\"text\\" disabled=\\"true\\" placeholder=\\"Search\\" value=\\"Default Search Text\\"> </gux-content-search>"`;

exports[`gux-content-search #render default control with 2 Match disabled= "true" 3`] = `"<gux-content-search lang=\\"en\\" current-match=\\"2\\" match-count=\\"2\\" class=\\"hydrated\\"> <input type=\\"text\\" disabled=\\"true\\" placeholder=\\"Search\\" value=\\"Default Search Text\\"> </gux-content-search>"`;

exports[`gux-content-search #render default control with 2 Match disabled= "true" 4`] = `"<gux-content-search lang=\\"en\\" current-match=\\"2\\" match-count=\\"2\\" class=\\"hydrated\\"> <input type=\\"text\\" disabled=\\"true\\" placeholder=\\"Search\\" value=\\"Default Search Text\\"> </gux-content-search>"`;

exports[`gux-content-search #render default control with 2 Match disabled= "true" 5`] = `"<gux-content-search lang=\\"en\\" current-match=\\"2\\" match-count=\\"2\\" class=\\"hydrated\\"> <input type=\\"text\\" disabled=\\"true\\" placeholder=\\"Search\\" value=\\"Default Search Text\\"> </gux-content-search>"`;

exports[`gux-content-search #render default control with 200000 Match disabled= "true" 1`] = `"<gux-content-search lang=\\"en\\" current-match=\\"2\\" match-count=\\"200000\\" class=\\"hydrated\\"> <input type=\\"text\\" disabled=\\"true\\" placeholder=\\"Search\\" value=\\"Default Search Text\\"> </gux-content-search>"`;

exports[`gux-content-search #render default control with 200000 Match disabled= "true" 2`] = `"<gux-content-search lang=\\"en\\" current-match=\\"2\\" match-count=\\"200000\\" class=\\"hydrated\\"> <input type=\\"text\\" disabled=\\"true\\" placeholder=\\"Search\\" value=\\"Default Search Text\\"> </gux-content-search>"`;

exports[`gux-content-search #render default control with 200000 Match disabled= "true" 3`] = `"<gux-content-search lang=\\"en\\" current-match=\\"2\\" match-count=\\"200000\\" class=\\"hydrated\\"> <input type=\\"text\\" disabled=\\"true\\" placeholder=\\"Search\\" value=\\"Default Search Text\\"> </gux-content-search>"`;

exports[`gux-content-search #render default control with 200000 Match disabled= "true" 4`] = `"<gux-content-search lang=\\"en\\" current-match=\\"2\\" match-count=\\"200000\\" class=\\"hydrated\\"> <input type=\\"text\\" disabled=\\"true\\" placeholder=\\"Search\\" value=\\"Default Search Text\\"> </gux-content-search>"`;

exports[`gux-content-search #render default control with 200000 Match disabled= "true" 5`] = `"<gux-content-search lang=\\"en\\" current-match=\\"2\\" match-count=\\"200000\\" class=\\"hydrated\\"> <input type=\\"text\\" disabled=\\"true\\" placeholder=\\"Search\\" value=\\"Default Search Text\\"> </gux-content-search>"`;

exports[`gux-content-search #render default control with 2000000 Match 1`] = `"<gux-content-search lang=\\"en\\" current-match=\\"1\\" match-count=\\"2000000\\" class=\\"hydrated\\"> <input type=\\"text\\" placeholder=\\"Search\\" value=\\"Default Search Text\\"> </gux-content-search>"`;

exports[`gux-content-search #render default control with 2000000 Match 2`] = `"<gux-content-search lang=\\"en\\" current-match=\\"1\\" match-count=\\"2000000\\" class=\\"hydrated\\"> <input type=\\"text\\" placeholder=\\"Search\\" value=\\"Default Search Text\\"> </gux-content-search>"`;

exports[`gux-content-search #render default control with 2000000 Match 3`] = `"<gux-content-search lang=\\"en\\" current-match=\\"1\\" match-count=\\"2000000\\" class=\\"hydrated\\"> <input type=\\"text\\" placeholder=\\"Search\\" value=\\"Default Search Text\\"> </gux-content-search>"`;

exports[`gux-content-search #render default control with 2000000 Match 4`] = `"<gux-content-search lang=\\"en\\" current-match=\\"1\\" match-count=\\"2000000\\" class=\\"hydrated\\"> <input type=\\"text\\" placeholder=\\"Search\\" value=\\"Default Search Text\\"> </gux-content-search>"`;

exports[`gux-content-search #render default control with 2000000 Match 5`] = `"<gux-content-search lang=\\"en\\" current-match=\\"1\\" match-count=\\"2000000\\" class=\\"hydrated\\"> <input type=\\"text\\" placeholder=\\"Search\\" value=\\"Default Search Text\\"> </gux-content-search>"`;
