// Jest Snapshot v1, https://goo.gl/fbAQLP

exports[`gux-form-field-checkbox-beta #render should render component as expected (1) 1`] = `
<gux-form-field-checkbox-beta>
  <mock:shadow-root>
    <div class="gux-form-field-container">
      <div class="gux-input">
        <slot name="input"></slot>
        <slot name="label"></slot>
      </div>
      <div class="gux-form-field-error">
        <gux-icon decorative="" icon-name="alert-warning-octogon"></gux-icon>
        <div class="gux-message">
          <slot name="error"></slot>
        </div>
      </div>
    </div>
  </mock:shadow-root>
  <input id="gux-form-field-input-i" name="food-1[]" slot="input" type="checkbox" value="pizza">
  <label for="gux-form-field-input-i" slot="label">
    Pizza
  </label>
</gux-form-field-checkbox-beta>
`;

exports[`gux-form-field-checkbox-beta #render should render component as expected (2) 1`] = `
<gux-form-field-checkbox-beta class="gux-disabled">
  <mock:shadow-root>
    <div class="gux-form-field-container">
      <div class="gux-input">
        <slot name="input"></slot>
        <slot name="label"></slot>
      </div>
      <div class="gux-form-field-error">
        <gux-icon decorative="" icon-name="alert-warning-octogon"></gux-icon>
        <div class="gux-message">
          <slot name="error"></slot>
        </div>
      </div>
    </div>
  </mock:shadow-root>
  <input disabled="" id="gux-form-field-input-i" name="food-1[]" slot="input" type="checkbox" value="pizza">
  <label for="gux-form-field-input-i" slot="label">
    Pizza
  </label>
</gux-form-field-checkbox-beta>
`;

exports[`gux-form-field-checkbox-beta #render should render component as expected (3) 1`] = `
<gux-form-field-checkbox-beta class="gux-input-error">
  <mock:shadow-root>
    <div class="gux-form-field-container">
      <div class="gux-input">
        <slot name="input"></slot>
        <slot name="label"></slot>
      </div>
      <div class="gux-form-field-error gux-show">
        <gux-icon decorative="" icon-name="alert-warning-octogon"></gux-icon>
        <div class="gux-message">
          <slot name="error"></slot>
        </div>
      </div>
    </div>
  </mock:shadow-root>
  <input aria-describedby="gux-form-field-error-i" id="gux-form-field-input-i" name="food-1[]" slot="input" type="checkbox" value="pizza">
  <label for="gux-form-field-input-i" slot="label">
    Pizza
  </label>
  <span id="gux-form-field-error-i" slot="error">
    This is an error message
  </span>
</gux-form-field-checkbox-beta>
`;

exports[`gux-form-field-checkbox-beta #render should render component as expected (4) 1`] = `
<gux-form-field-checkbox-beta>
  <mock:shadow-root>
    <div class="gux-form-field-container">
      <div class="gux-input">
        <slot name="input"></slot>
        <slot name="label"></slot>
      </div>
      <div class="gux-form-field-error">
        <gux-icon decorative="" icon-name="alert-warning-octogon"></gux-icon>
        <div class="gux-message">
          <slot name="error"></slot>
        </div>
      </div>
    </div>
  </mock:shadow-root>
  <input checked="" id="gux-form-field-input-i" name="food-1[]" slot="input" type="checkbox" value="pizza">
  <label for="gux-form-field-input-i" slot="label">
    Pizza
  </label>
</gux-form-field-checkbox-beta>
`;

exports[`gux-form-field-checkbox-beta #render should render component as expected (5) 1`] = `
<gux-form-field-checkbox-beta class="gux-input-error">
  <mock:shadow-root>
    <div class="gux-form-field-container">
      <div class="gux-input">
        <slot name="input"></slot>
        <slot name="label"></slot>
      </div>
      <div class="gux-form-field-error gux-show">
        <gux-icon decorative="" icon-name="alert-warning-octogon"></gux-icon>
        <div class="gux-message">
          <slot name="error"></slot>
        </div>
      </div>
    </div>
  </mock:shadow-root>
  <input aria-describedby="gux-form-field-error-i" id="gux-form-field-input-i" name="food-1[]" slot="input" type="checkbox" value="pizza">
  <label for="gux-form-field-input-i" slot="label">
    Pizza
  </label>
  <span id="gux-form-field-error-i" slot="error">
    Error message
  </span>
</gux-form-field-checkbox-beta>
`;
