// Jest Snapshot v1, https://goo.gl/fbAQLP

exports[`gux-popover #render should render popover 1`] = `
<gux-popover for="popover-target" id="popover-example" position="top">
  <mock:shadow-root>
    <div class="gux-popover-wrapper">
      <div class="gux-arrow" data-popper-arrow></div>
      <div class="gux-popover-content">
        <slot></slot>
      </div>
    </div>
  </mock:shadow-root>
  <div>
    popover content
  </div>
</gux-popover>
`;
