// Jest Snapshot v1, https://goo.gl/fbAQLP

exports[`gux-advanced-dropdown should render 1`] = `
<gux-advanced-dropdown lang="en">
  <!---->
  <div class="gux-dropdown">
    <div class="gux-select-field">
      <a class="gux-select-input" tabindex="0"></a>
      <div class="gux-icon-wrapper">
        <gux-icon decorative="" icon-name="chevron-sm-down"></gux-icon>
      </div>
    </div>
    <div class="gux-advanced-dropdown-menu">
      <div class="gux-dropdown-menu-container">
        <gux-search-beta class="gux-light-theme" dynamic-search="true" searchtimeout="500" srlabel="Search"></gux-search-beta>
        <div class="gux-dropdown-options">
          <gux-dropdown-option text="English" value="en"></gux-dropdown-option>
          <gux-dropdown-option text="Dutch" value="nl"></gux-dropdown-option>
        </div>
      </div>
    </div>
  </div>
</gux-advanced-dropdown>
`;
