// Jest Snapshot v1, https://goo.gl/fbAQLP

exports[`gux-disclosure-button #render should render component as expected (1) 1`] = `
<gux-disclosure-button>
  <mock:shadow-root>
    <div class="gux-disclosure-button-container gux-left">
      <button aria-controls="gux-disclosure-button-panel-i" aria-expanded="false" aria-label="Disclosure button" class="gux-disclosure-button">
        <gux-icon decorative="" icon-name="arrow-solid-right"></gux-icon>
      </button>
      <div class="gux-disclosure-panel" id="gux-disclosure-button-panel-i" role="region">
        <slot name="panel-content"></slot>
      </div>
    </div>
  </mock:shadow-root>
</gux-disclosure-button>
`;

exports[`gux-disclosure-button #render should render component as expected (2) 1`] = `
<gux-disclosure-button is-open="">
  <mock:shadow-root>
    <div class="gux-disclosure-button-container gux-left">
      <button aria-controls="gux-disclosure-button-panel-i" aria-expanded="true" aria-label="Disclosure button" class="gux-disclosure-button">
        <gux-icon decorative="" icon-name="arrow-solid-left"></gux-icon>
      </button>
      <div class="gux-active gux-disclosure-panel" id="gux-disclosure-button-panel-i" role="region">
        <slot name="panel-content"></slot>
      </div>
    </div>
  </mock:shadow-root>
</gux-disclosure-button>
`;

exports[`gux-disclosure-button #render should render component as expected (3) 1`] = `
<gux-disclosure-button position="left">
  <mock:shadow-root>
    <div class="gux-disclosure-button-container gux-left">
      <button aria-controls="gux-disclosure-button-panel-i" aria-expanded="false" aria-label="Disclosure button" class="gux-disclosure-button">
        <gux-icon decorative="" icon-name="arrow-solid-right"></gux-icon>
      </button>
      <div class="gux-disclosure-panel" id="gux-disclosure-button-panel-i" role="region">
        <slot name="panel-content"></slot>
      </div>
    </div>
  </mock:shadow-root>
</gux-disclosure-button>
`;

exports[`gux-disclosure-button #render should render component as expected (4) 1`] = `
<gux-disclosure-button is-open="" position="left">
  <mock:shadow-root>
    <div class="gux-disclosure-button-container gux-left">
      <button aria-controls="gux-disclosure-button-panel-i" aria-expanded="true" aria-label="Disclosure button" class="gux-disclosure-button">
        <gux-icon decorative="" icon-name="arrow-solid-left"></gux-icon>
      </button>
      <div class="gux-active gux-disclosure-panel" id="gux-disclosure-button-panel-i" role="region">
        <slot name="panel-content"></slot>
      </div>
    </div>
  </mock:shadow-root>
</gux-disclosure-button>
`;

exports[`gux-disclosure-button #render should render component as expected (5) 1`] = `
<gux-disclosure-button position="right">
  <mock:shadow-root>
    <div class="gux-disclosure-button-container gux-right">
      <button aria-controls="gux-disclosure-button-panel-i" aria-expanded="false" aria-label="Disclosure button" class="gux-disclosure-button">
        <gux-icon decorative="" icon-name="arrow-solid-left"></gux-icon>
      </button>
      <div class="gux-disclosure-panel" id="gux-disclosure-button-panel-i" role="region">
        <slot name="panel-content"></slot>
      </div>
    </div>
  </mock:shadow-root>
</gux-disclosure-button>
`;

exports[`gux-disclosure-button #render should render component as expected (6) 1`] = `
<gux-disclosure-button is-open="" position="right">
  <mock:shadow-root>
    <div class="gux-disclosure-button-container gux-right">
      <button aria-controls="gux-disclosure-button-panel-i" aria-expanded="true" aria-label="Disclosure button" class="gux-disclosure-button">
        <gux-icon decorative="" icon-name="arrow-solid-right"></gux-icon>
      </button>
      <div class="gux-active gux-disclosure-panel" id="gux-disclosure-button-panel-i" role="region">
        <slot name="panel-content"></slot>
      </div>
    </div>
  </mock:shadow-root>
</gux-disclosure-button>
`;

exports[`gux-disclosure-button #render should render component as expected (7) 1`] = `
<gux-disclosure-button label="More Info">
  <mock:shadow-root>
    <div class="gux-disclosure-button-container gux-left">
      <button aria-controls="gux-disclosure-button-panel-i" aria-expanded="false" aria-label="More Info" class="gux-disclosure-button">
        <gux-icon decorative="" icon-name="arrow-solid-right"></gux-icon>
      </button>
      <div class="gux-disclosure-panel" id="gux-disclosure-button-panel-i" role="region">
        <slot name="panel-content"></slot>
      </div>
    </div>
  </mock:shadow-root>
</gux-disclosure-button>
`;
